// Jest Snapshot v1, https://goo.gl/fbAQLP

exports[`LABELS object should contain relevant values 1`] = `
{
  "TeamMemberCreated": "Team member created successfully.",
  "ToastErrorTitle": "Error!",
  "ToastSuccessTitle": "Success!",
}
`;
